../Core/Src/stm32f4xx_it.c:170:6:NMI_Handler	4	static
../Core/Src/stm32f4xx_it.c:185:6:HardFault_Handler	4	static
../Core/Src/stm32f4xx_it.c:200:6:MemManage_Handler	4	static
../Core/Src/stm32f4xx_it.c:215:6:BusFault_Handler	4	static
../Core/Src/stm32f4xx_it.c:230:6:UsageFault_Handler	4	static
../Core/Src/stm32f4xx_it.c:245:6:SVC_Handler	4	static
../Core/Src/stm32f4xx_it.c:258:6:DebugMon_Handler	4	static
../Core/Src/stm32f4xx_it.c:271:6:PendSV_Handler	4	static
../Core/Src/stm32f4xx_it.c:284:6:SysTick_Handler	8	static
../Core/Src/stm32f4xx_it.c:305:6:DMA1_Stream6_IRQHandler	8	static
../Core/Src/stm32f4xx_it.c:319:6:ADC_IRQHandler	16	static
../Core/Src/stm32f4xx_it.c:364:6:TIM3_IRQHandler	8	static
../Core/Src/stm32f4xx_it.c:379:6:USART3_IRQHandler	8	static
../Core/Src/stm32f4xx_it.c:393:6:TIM8_UP_TIM13_IRQHandler	8	static
../Core/Src/stm32f4xx_it.c:412:6:TIM8_TRG_COM_TIM14_IRQHandler	8	static
../Core/Src/stm32f4xx_it.c:463:6:UART4_IRQHandler	8	static
../Core/Src/stm32f4xx_it.c:477:6:TIM6_DAC_IRQHandler	8	static
../Core/Src/stm32f4xx_it.c:717:6:TIM7_IRQHandler	8	static
../Core/Src/stm32f4xx_it.c:750:6:DMA2_Stream0_IRQHandler	8	static
