../Core/Src/main.c:170:5:main	6
../Core/Src/main.c:291:6:SystemClock_Config	3
../Core/Src/main.c:337:13:MX_ADC3_Init	5
../Core/Src/main.c:407:13:MX_ETH_Init	2
../Core/Src/main.c:456:13:MX_TIM2_Init	3
../Core/Src/main.c:505:13:MX_TIM3_Init	7
../Core/Src/main.c:575:13:MX_TIM4_Init	3
../Core/Src/main.c:624:13:MX_TIM6_Init	3
../Core/Src/main.c:663:13:MX_TIM8_Init	7
../Core/Src/main.c:736:13:MX_TIM12_Init	3
../Core/Src/main.c:774:13:MX_TIM13_Init	4
../Core/Src/main.c:820:13:MX_TIM14_Init	2
../Core/Src/main.c:855:13:MX_UART4_Init	2
../Core/Src/main.c:888:13:MX_USART3_UART_Init	2
../Core/Src/main.c:921:13:MX_USB_OTG_FS_PCD_Init	2
../Core/Src/main.c:954:13:MX_DMA_Init	1
../Core/Src/main.c:976:13:MX_GPIO_Init	1
../Core/Src/main.c:1071:6:HAL_TIM_PeriodElapsedCallback	2
../Core/Src/main.c:1094:6:Error_Handler	1
