../Core/Src/main.c:172:5:main	11
../Core/Src/main.c:314:6:SystemClock_Config	3
../Core/Src/main.c:357:13:MX_ADC3_Init	5
../Core/Src/main.c:422:13:MX_ETH_Init	2
../Core/Src/main.c:470:13:MX_TIM1_Init	4
../Core/Src/main.c:513:13:MX_TIM2_Init	3
../Core/Src/main.c:560:13:MX_TIM3_Init	7
../Core/Src/main.c:628:13:MX_TIM4_Init	3
../Core/Src/main.c:675:13:MX_TIM6_Init	3
../Core/Src/main.c:711:13:MX_TIM7_Init	3
../Core/Src/main.c:747:13:MX_TIM8_Init	7
../Core/Src/main.c:815:13:MX_TIM12_Init	3
../Core/Src/main.c:850:13:MX_TIM13_Init	4
../Core/Src/main.c:893:13:MX_TIM14_Init	2
../Core/Src/main.c:926:13:MX_UART4_Init	2
../Core/Src/main.c:957:13:MX_USART3_UART_Init	2
../Core/Src/main.c:988:13:MX_USB_OTG_FS_PCD_Init	2
../Core/Src/main.c:1019:13:MX_DMA_Init	1
../Core/Src/main.c:1040:13:MX_GPIO_Init	1
../Core/Src/main.c:1142:6:Error_Handler	1
