../Core/Src/stm32f4xx_it.c:166:6:HAL_ADC_ConvCpltCallback	16	static
../Core/Src/stm32f4xx_it.c:210:6:NMI_Handler	4	static
../Core/Src/stm32f4xx_it.c:225:6:HardFault_Handler	4	static
../Core/Src/stm32f4xx_it.c:240:6:MemManage_Handler	4	static
../Core/Src/stm32f4xx_it.c:255:6:BusFault_Handler	4	static
../Core/Src/stm32f4xx_it.c:270:6:UsageFault_Handler	4	static
../Core/Src/stm32f4xx_it.c:285:6:SVC_Handler	4	static
../Core/Src/stm32f4xx_it.c:298:6:DebugMon_Handler	4	static
../Core/Src/stm32f4xx_it.c:311:6:PendSV_Handler	4	static
../Core/Src/stm32f4xx_it.c:324:6:SysTick_Handler	8	static
../Core/Src/stm32f4xx_it.c:345:6:DMA1_Stream6_IRQHandler	8	static
../Core/Src/stm32f4xx_it.c:359:6:ADC_IRQHandler	16	static
../Core/Src/stm32f4xx_it.c:410:6:TIM3_IRQHandler	8	static
../Core/Src/stm32f4xx_it.c:425:6:USART3_IRQHandler	8	static
../Core/Src/stm32f4xx_it.c:439:6:TIM8_BRK_TIM12_IRQHandler	8	static
../Core/Src/stm32f4xx_it.c:458:6:TIM8_UP_TIM13_IRQHandler	8	static
../Core/Src/stm32f4xx_it.c:495:6:TIM8_TRG_COM_TIM14_IRQHandler	8	static
../Core/Src/stm32f4xx_it.c:570:6:UART4_IRQHandler	8	static
../Core/Src/stm32f4xx_it.c:584:6:TIM6_DAC_IRQHandler	8	static
../Core/Src/stm32f4xx_it.c:825:6:DMA2_Stream1_IRQHandler	8	static
