../Core/Src/stm32f4xx_it.c:164:6:HAL_ADC_ConvCpltCallback	16	static
../Core/Src/stm32f4xx_it.c:208:6:NMI_Handler	4	static
../Core/Src/stm32f4xx_it.c:223:6:HardFault_Handler	4	static
../Core/Src/stm32f4xx_it.c:238:6:MemManage_Handler	4	static
../Core/Src/stm32f4xx_it.c:253:6:BusFault_Handler	4	static
../Core/Src/stm32f4xx_it.c:268:6:UsageFault_Handler	4	static
../Core/Src/stm32f4xx_it.c:283:6:SVC_Handler	4	static
../Core/Src/stm32f4xx_it.c:296:6:DebugMon_Handler	4	static
../Core/Src/stm32f4xx_it.c:309:6:PendSV_Handler	4	static
../Core/Src/stm32f4xx_it.c:322:6:SysTick_Handler	8	static
../Core/Src/stm32f4xx_it.c:343:6:DMA1_Stream6_IRQHandler	8	static
../Core/Src/stm32f4xx_it.c:357:6:ADC_IRQHandler	16	static
../Core/Src/stm32f4xx_it.c:408:6:TIM3_IRQHandler	8	static
../Core/Src/stm32f4xx_it.c:423:6:USART3_IRQHandler	8	static
../Core/Src/stm32f4xx_it.c:437:6:TIM8_BRK_TIM12_IRQHandler	8	static
../Core/Src/stm32f4xx_it.c:452:6:TIM8_UP_TIM13_IRQHandler	8	static
../Core/Src/stm32f4xx_it.c:472:6:TIM8_TRG_COM_TIM14_IRQHandler	8	static
../Core/Src/stm32f4xx_it.c:550:6:UART4_IRQHandler	8	static
../Core/Src/stm32f4xx_it.c:564:6:TIM6_DAC_IRQHandler	8	static
../Core/Src/stm32f4xx_it.c:805:6:TIM7_IRQHandler	8	static
../Core/Src/stm32f4xx_it.c:821:6:DMA2_Stream1_IRQHandler	8	static
