../Core/Src/main.c:133:5:main	72	static
../Core/Src/main.c:239:6:SystemClock_Config	88	static
../Core/Src/main.c:285:13:MX_ADC3_Init	24	static
../Core/Src/main.c:356:13:MX_TIM2_Init	56	static
../Core/Src/main.c:405:13:MX_TIM3_Init	64	static
../Core/Src/main.c:473:13:MX_TIM4_Init	56	static
../Core/Src/main.c:522:13:MX_TIM6_Init	16	static
../Core/Src/main.c:561:13:MX_TIM7_Init	16	static
../Core/Src/main.c:599:13:MX_TIM8_Init	96	static
../Core/Src/main.c:672:13:MX_TIM11_Init	40	static
../Core/Src/main.c:718:13:MX_TIM12_Init	24	static
../Core/Src/main.c:756:13:MX_TIM13_Init	40	static
../Core/Src/main.c:802:13:MX_TIM14_Init	8	static
../Core/Src/main.c:837:13:MX_UART4_Init	8	static
../Core/Src/main.c:870:13:MX_USART3_UART_Init	8	static
../Core/Src/main.c:901:13:MX_DMA_Init	16	static
../Core/Src/main.c:919:13:MX_GPIO_Init	64	static
../Core/Src/main.c:1093:1:__io_putchar	16	static
../Core/Src/main.c:1099:6:SerialSendChar_PC	16	static
../Core/Src/main.c:1108:6:SerialSendChar_ESP	16	static
../Core/Src/main.c:1119:6:STM32_to_ESP	272	static
../Core/Src/main.c:1172:6:UART3_RX_PC_to_STM32	8	static
../Core/Src/main.c:1459:6:UART4_RX_ESP_to_STM32	8	static
../Core/Src/main.c:1525:6:Error_Handler	4	static,ignoring_inline_asm
