../Core/Src/main.c:133:5:main	2
../Core/Src/main.c:239:6:SystemClock_Config	3
../Core/Src/main.c:285:13:MX_ADC3_Init	5
../Core/Src/main.c:356:13:MX_TIM2_Init	3
../Core/Src/main.c:405:13:MX_TIM3_Init	8
../Core/Src/main.c:473:13:MX_TIM4_Init	3
../Core/Src/main.c:522:13:MX_TIM6_Init	3
../Core/Src/main.c:561:13:MX_TIM7_Init	3
../Core/Src/main.c:599:13:MX_TIM8_Init	7
../Core/Src/main.c:672:13:MX_TIM11_Init	4
../Core/Src/main.c:718:13:MX_TIM12_Init	3
../Core/Src/main.c:756:13:MX_TIM13_Init	4
../Core/Src/main.c:802:13:MX_TIM14_Init	2
../Core/Src/main.c:837:13:MX_UART4_Init	2
../Core/Src/main.c:870:13:MX_USART3_UART_Init	2
../Core/Src/main.c:901:13:MX_DMA_Init	1
../Core/Src/main.c:919:13:MX_GPIO_Init	1
../Core/Src/main.c:1093:1:__io_putchar	1
../Core/Src/main.c:1099:6:SerialSendChar_PC	2
../Core/Src/main.c:1108:6:SerialSendChar_ESP	2
../Core/Src/main.c:1119:6:STM32_to_ESP	3
../Core/Src/main.c:1172:6:UART3_RX_PC_to_STM32	53
../Core/Src/main.c:1459:6:UART4_RX_ESP_to_STM32	11
../Core/Src/main.c:1525:6:Error_Handler	1
