../Core/Src/pid.c:134:6:v_t_graph	48	static
../Core/Src/pid.c:185:6:v_t_graph_DIR_GO_X	16	static
../Core/Src/pid.c:193:6:v_t_graph_DIR_BACK_X	16	static
../Core/Src/pid.c:202:6:v_t_graph_DIR_GO_Y	16	static
../Core/Src/pid.c:210:6:v_t_graph_DIR_BACK_Y	16	static
../Core/Src/pid.c:227:6:dc_motor_pid_X	16	static
../Core/Src/pid.c:240:6:dc_motor_pid_Y	16	static
../Core/Src/pid.c:258:6:dc_motor_RPM	8	static
../Core/Src/pid.c:313:6:VT_control_X	40	static
../Core/Src/pid.c:379:6:VT_control_Y	40	static
../Core/Src/pid.c:455:6:position_pid_x	24	static
../Core/Src/pid.c:1013:6:position_pid_y	24	static
