../Core/Src/stm32f4xx_it.c:158:6:HAL_UART_RxCpltCallback	16	static
../Core/Src/stm32f4xx_it.c:171:6:HAL_ADC_ConvCpltCallback	16	static
../Core/Src/stm32f4xx_it.c:231:6:NMI_Handler	4	static
../Core/Src/stm32f4xx_it.c:245:6:HardFault_Handler	4	static
../Core/Src/stm32f4xx_it.c:260:6:MemManage_Handler	4	static
../Core/Src/stm32f4xx_it.c:275:6:BusFault_Handler	4	static
../Core/Src/stm32f4xx_it.c:290:6:UsageFault_Handler	4	static
../Core/Src/stm32f4xx_it.c:305:6:SVC_Handler	4	static
../Core/Src/stm32f4xx_it.c:318:6:DebugMon_Handler	4	static
../Core/Src/stm32f4xx_it.c:331:6:PendSV_Handler	4	static
../Core/Src/stm32f4xx_it.c:344:6:SysTick_Handler	8	static
../Core/Src/stm32f4xx_it.c:365:6:EXTI2_IRQHandler	8	static
../Core/Src/stm32f4xx_it.c:379:6:ADC_IRQHandler	8	static
../Core/Src/stm32f4xx_it.c:393:6:TIM1_TRG_COM_TIM11_IRQHandler	8	static
../Core/Src/stm32f4xx_it.c:410:6:TIM4_IRQHandler	8	static
../Core/Src/stm32f4xx_it.c:424:6:USART3_IRQHandler	8	static
../Core/Src/stm32f4xx_it.c:438:6:TIM8_UP_TIM13_IRQHandler	8	static
../Core/Src/stm32f4xx_it.c:464:6:TIM8_TRG_COM_TIM14_IRQHandler	8	static
../Core/Src/stm32f4xx_it.c:479:6:UART4_IRQHandler	8	static
../Core/Src/stm32f4xx_it.c:493:6:TIM6_DAC_IRQHandler	8	static
../Core/Src/stm32f4xx_it.c:547:6:TIM7_IRQHandler	8	static
../Core/Src/stm32f4xx_it.c:561:6:DMA2_Stream1_IRQHandler	8	static
../Core/Src/stm32f4xx_it.c:574:6:HAL_TIM_OC_DelayElapsedCallback	16	static
../Core/Src/stm32f4xx_it.c:598:6:HAL_TIM_PeriodElapsedCallback	16	static
../Core/Src/stm32f4xx_it.c:701:6:HAL_GPIO_EXTI_Callback	16	static
../Core/Src/stm32f4xx_it.c:721:6:HAL_TIM_IC_CaptureCallback	16	static
