../Core/Src/main.c:217:5:main	8
../Core/Src/main.c:387:6:SystemClock_Config	3
../Core/Src/main.c:433:13:MX_ADC3_Init	5
../Core/Src/main.c:503:13:MX_ETH_Init	2
../Core/Src/main.c:552:13:MX_TIM1_Init	4
../Core/Src/main.c:598:13:MX_TIM2_Init	3
../Core/Src/main.c:647:13:MX_TIM3_Init	7
../Core/Src/main.c:719:13:MX_TIM4_Init	3
../Core/Src/main.c:768:13:MX_TIM6_Init	3
../Core/Src/main.c:806:13:MX_TIM8_Init	7
../Core/Src/main.c:879:13:MX_TIM13_Init	4
../Core/Src/main.c:925:13:MX_TIM14_Init	2
../Core/Src/main.c:960:13:MX_UART4_Init	2
../Core/Src/main.c:993:13:MX_USART3_UART_Init	2
../Core/Src/main.c:1026:13:MX_USB_OTG_FS_PCD_Init	2
../Core/Src/main.c:1059:13:MX_DMA_Init	1
../Core/Src/main.c:1081:13:MX_GPIO_Init	1
../Core/Src/main.c:1174:6:Error_Handler	1
