../Core/Src/main.c:216:5:main	8
../Core/Src/main.c:379:6:SystemClock_Config	3
../Core/Src/main.c:425:13:MX_ADC3_Init	5
../Core/Src/main.c:495:13:MX_ETH_Init	2
../Core/Src/main.c:544:13:MX_TIM1_Init	4
../Core/Src/main.c:590:13:MX_TIM2_Init	3
../Core/Src/main.c:639:13:MX_TIM3_Init	7
../Core/Src/main.c:711:13:MX_TIM4_Init	3
../Core/Src/main.c:760:13:MX_TIM6_Init	3
../Core/Src/main.c:798:13:MX_TIM8_Init	7
../Core/Src/main.c:871:13:MX_TIM13_Init	4
../Core/Src/main.c:917:13:MX_TIM14_Init	2
../Core/Src/main.c:952:13:MX_UART4_Init	2
../Core/Src/main.c:985:13:MX_USART3_UART_Init	2
../Core/Src/main.c:1018:13:MX_USB_OTG_FS_PCD_Init	2
../Core/Src/main.c:1051:13:MX_DMA_Init	1
../Core/Src/main.c:1073:13:MX_GPIO_Init	1
../Core/Src/main.c:1166:6:Error_Handler	1
