../Core/Src/main.c:147:5:main	3
../Core/Src/main.c:311:6:SystemClock_Config	3
../Core/Src/main.c:357:13:MX_ADC3_Init	5
../Core/Src/main.c:428:13:MX_TIM2_Init	3
../Core/Src/main.c:477:13:MX_TIM3_Init	7
../Core/Src/main.c:540:13:MX_TIM4_Init	3
../Core/Src/main.c:589:13:MX_TIM5_Init	3
../Core/Src/main.c:638:13:MX_TIM6_Init	3
../Core/Src/main.c:677:13:MX_TIM8_Init	7
../Core/Src/main.c:750:13:MX_TIM11_Init	4
../Core/Src/main.c:796:13:MX_TIM12_Init	3
../Core/Src/main.c:834:13:MX_TIM13_Init	4
../Core/Src/main.c:880:13:MX_TIM14_Init	2
../Core/Src/main.c:915:13:MX_UART4_Init	2
../Core/Src/main.c:948:13:MX_USART3_UART_Init	2
../Core/Src/main.c:979:13:MX_DMA_Init	1
../Core/Src/main.c:997:13:MX_GPIO_Init	1
../Core/Src/main.c:1117:6:Error_Handler	1
