../Core/Src/main.c:174:6:microDelay	16	static
../Core/Src/main.c:186:5:main	8	static
../Core/Src/main.c:377:6:SystemClock_Config	88	static
../Core/Src/main.c:423:13:MX_ADC3_Init	24	static
../Core/Src/main.c:493:13:MX_ETH_Init	8	static
../Core/Src/main.c:542:13:MX_TIM1_Init	32	static
../Core/Src/main.c:588:13:MX_TIM2_Init	56	static
../Core/Src/main.c:637:13:MX_TIM3_Init	64	static
../Core/Src/main.c:709:13:MX_TIM4_Init	56	static
../Core/Src/main.c:758:13:MX_TIM6_Init	16	static
../Core/Src/main.c:796:13:MX_TIM8_Init	96	static
../Core/Src/main.c:869:13:MX_TIM13_Init	40	static
../Core/Src/main.c:915:13:MX_TIM14_Init	8	static
../Core/Src/main.c:950:13:MX_UART4_Init	8	static
../Core/Src/main.c:983:13:MX_USART3_UART_Init	8	static
../Core/Src/main.c:1016:13:MX_USB_OTG_FS_PCD_Init	8	static
../Core/Src/main.c:1049:13:MX_DMA_Init	16	static
../Core/Src/main.c:1071:13:MX_GPIO_Init	64	static
../Core/Src/main.c:1174:6:Error_Handler	4	static,ignoring_inline_asm
