../Core/Src/stm32f4xx_it.c:153:6:HAL_ADC_ConvCpltCallback	16	static
../Core/Src/stm32f4xx_it.c:197:6:NMI_Handler	4	static
../Core/Src/stm32f4xx_it.c:212:6:HardFault_Handler	4	static
../Core/Src/stm32f4xx_it.c:227:6:MemManage_Handler	4	static
../Core/Src/stm32f4xx_it.c:242:6:BusFault_Handler	4	static
../Core/Src/stm32f4xx_it.c:257:6:UsageFault_Handler	4	static
../Core/Src/stm32f4xx_it.c:272:6:SVC_Handler	4	static
../Core/Src/stm32f4xx_it.c:285:6:DebugMon_Handler	4	static
../Core/Src/stm32f4xx_it.c:298:6:PendSV_Handler	4	static
../Core/Src/stm32f4xx_it.c:311:6:SysTick_Handler	8	static
../Core/Src/stm32f4xx_it.c:332:6:DMA1_Stream6_IRQHandler	8	static
../Core/Src/stm32f4xx_it.c:346:6:ADC_IRQHandler	16	static
../Core/Src/stm32f4xx_it.c:397:6:TIM3_IRQHandler	8	static
../Core/Src/stm32f4xx_it.c:412:6:USART3_IRQHandler	8	static
../Core/Src/stm32f4xx_it.c:426:6:TIM8_UP_TIM13_IRQHandler	8	static
../Core/Src/stm32f4xx_it.c:446:6:TIM8_TRG_COM_TIM14_IRQHandler	8	static
../Core/Src/stm32f4xx_it.c:503:6:UART4_IRQHandler	8	static
../Core/Src/stm32f4xx_it.c:517:6:TIM6_DAC_IRQHandler	8	static
../Core/Src/stm32f4xx_it.c:758:6:DMA2_Stream1_IRQHandler	8	static
