../Core/Src/main.c:191:5:main	8	static
../Core/Src/main.c:384:6:SystemClock_Config	88	static
../Core/Src/main.c:430:13:MX_ADC3_Init	24	static
../Core/Src/main.c:500:13:MX_ETH_Init	8	static
../Core/Src/main.c:549:13:MX_TIM1_Init	32	static
../Core/Src/main.c:595:13:MX_TIM2_Init	56	static
../Core/Src/main.c:644:13:MX_TIM3_Init	64	static
../Core/Src/main.c:716:13:MX_TIM4_Init	56	static
../Core/Src/main.c:765:13:MX_TIM6_Init	16	static
../Core/Src/main.c:803:13:MX_TIM7_Init	16	static
../Core/Src/main.c:841:13:MX_TIM8_Init	96	static
../Core/Src/main.c:914:13:MX_TIM12_Init	24	static
../Core/Src/main.c:952:13:MX_TIM13_Init	40	static
../Core/Src/main.c:998:13:MX_TIM14_Init	8	static
../Core/Src/main.c:1033:13:MX_UART4_Init	8	static
../Core/Src/main.c:1066:13:MX_USART3_UART_Init	8	static
../Core/Src/main.c:1099:13:MX_USB_OTG_FS_PCD_Init	8	static
../Core/Src/main.c:1132:13:MX_DMA_Init	16	static
../Core/Src/main.c:1154:13:MX_GPIO_Init	64	static
../Core/Src/main.c:1257:6:Error_Handler	4	static,ignoring_inline_asm
