../Drivers/CMSIS/Include/core_cm4.h:2064:26:ITM_SendChar	16	static,ignoring_inline_asm
../Core/Src/main.c:152:6:SerialSendChar_PC	16	static
../Core/Src/main.c:160:6:SerialSendChar_WIFI	16	static
../Core/Src/main.c:169:6:HAL_UART_RxCpltCallback	16	static
../Core/Src/main.c:366:5:_write	32	static
../Core/Src/main.c:453:1:__io_putchar	16	static
../Core/Src/main.c:470:6:delay_us	16	static
../Core/Src/main.c:483:5:main	32	static
../Core/Src/main.c:724:6:SystemClock_Config	88	static
../Core/Src/main.c:770:13:MX_ADC1_Init	24	static
../Core/Src/main.c:838:13:MX_ETH_Init	8	static
../Core/Src/main.c:887:13:MX_TIM1_Init	32	static
../Core/Src/main.c:933:13:MX_TIM2_Init	56	static
../Core/Src/main.c:982:13:MX_TIM3_Init	64	static
../Core/Src/main.c:1054:13:MX_TIM4_Init	56	static
../Core/Src/main.c:1103:13:MX_TIM6_Init	16	static
../Core/Src/main.c:1141:13:MX_TIM7_Init	16	static
../Core/Src/main.c:1179:13:MX_TIM8_Init	96	static
../Core/Src/main.c:1252:13:MX_TIM13_Init	40	static
../Core/Src/main.c:1298:13:MX_TIM14_Init	8	static
../Core/Src/main.c:1333:13:MX_UART4_Init	8	static
../Core/Src/main.c:1366:13:MX_USART3_UART_Init	8	static
../Core/Src/main.c:1399:13:MX_USB_OTG_FS_PCD_Init	8	static
../Core/Src/main.c:1432:13:MX_DMA_Init	16	static
../Core/Src/main.c:1454:13:MX_GPIO_Init	64	static
../Core/Src/main.c:1555:6:Error_Handler	4	static,ignoring_inline_asm
