../Core/Src/stm32f4xx_it.c:172:6:NMI_Handler	4	static
../Core/Src/stm32f4xx_it.c:187:6:HardFault_Handler	4	static
../Core/Src/stm32f4xx_it.c:202:6:MemManage_Handler	4	static
../Core/Src/stm32f4xx_it.c:217:6:BusFault_Handler	4	static
../Core/Src/stm32f4xx_it.c:232:6:UsageFault_Handler	4	static
../Core/Src/stm32f4xx_it.c:247:6:SVC_Handler	4	static
../Core/Src/stm32f4xx_it.c:260:6:DebugMon_Handler	4	static
../Core/Src/stm32f4xx_it.c:273:6:PendSV_Handler	4	static
../Core/Src/stm32f4xx_it.c:286:6:SysTick_Handler	8	static
../Core/Src/stm32f4xx_it.c:307:6:DMA1_Stream6_IRQHandler	8	static
../Core/Src/stm32f4xx_it.c:321:6:ADC_IRQHandler	16	static
../Core/Src/stm32f4xx_it.c:366:6:TIM3_IRQHandler	8	static
../Core/Src/stm32f4xx_it.c:381:6:USART3_IRQHandler	8	static
../Core/Src/stm32f4xx_it.c:395:6:TIM8_UP_TIM13_IRQHandler	8	static
../Core/Src/stm32f4xx_it.c:414:6:TIM8_TRG_COM_TIM14_IRQHandler	8	static
../Core/Src/stm32f4xx_it.c:465:6:UART4_IRQHandler	8	static
../Core/Src/stm32f4xx_it.c:479:6:TIM6_DAC_IRQHandler	8	static
../Core/Src/stm32f4xx_it.c:720:6:TIM7_IRQHandler	8	static
../Core/Src/stm32f4xx_it.c:753:6:DMA2_Stream0_IRQHandler	8	static
