../Core/Src/main.c:139:5:main	2
../Core/Src/main.c:252:6:SystemClock_Config	3
../Core/Src/main.c:295:13:MX_ADC3_Init	5
../Core/Src/main.c:361:13:MX_I2C2_Init	4
../Core/Src/main.c:406:13:MX_TIM2_Init	3
../Core/Src/main.c:453:13:MX_TIM3_Init	8
../Core/Src/main.c:517:13:MX_TIM4_Init	3
../Core/Src/main.c:564:13:MX_TIM5_Init	4
../Core/Src/main.c:606:13:MX_TIM6_Init	3
../Core/Src/main.c:643:13:MX_TIM7_Init	3
../Core/Src/main.c:679:13:MX_TIM8_Init	7
../Core/Src/main.c:747:13:MX_TIM11_Init	4
../Core/Src/main.c:790:13:MX_TIM12_Init	3
../Core/Src/main.c:825:13:MX_TIM13_Init	4
../Core/Src/main.c:869:13:MX_TIM14_Init	2
../Core/Src/main.c:900:13:MX_UART4_Init	2
../Core/Src/main.c:931:13:MX_USART3_UART_Init	2
../Core/Src/main.c:960:13:MX_DMA_Init	1
../Core/Src/main.c:977:13:MX_GPIO_Init	1
../Core/Src/main.c:1122:1:__io_putchar	1
../Core/Src/main.c:1128:6:SerialSendChar_PC	2
../Core/Src/main.c:1137:6:SerialSendChar_ESP	2
../Core/Src/main.c:1153:6:STM32_to_ESP	3
../Core/Src/main.c:1210:6:UART3_RX_PC_to_STM32	54
../Core/Src/main.c:1498:6:UART4_RX_ESP_to_STM32	8
../Core/Src/main.c:1545:6:Error_Handler	1
