../Core/Src/main.c:139:5:main	72	static
../Core/Src/main.c:252:6:SystemClock_Config	88	static
../Core/Src/main.c:295:13:MX_ADC3_Init	24	static
../Core/Src/main.c:361:13:MX_I2C2_Init	8	static
../Core/Src/main.c:406:13:MX_TIM2_Init	56	static
../Core/Src/main.c:453:13:MX_TIM3_Init	64	static
../Core/Src/main.c:517:13:MX_TIM4_Init	56	static
../Core/Src/main.c:564:13:MX_TIM5_Init	32	static
../Core/Src/main.c:606:13:MX_TIM6_Init	16	static
../Core/Src/main.c:643:13:MX_TIM7_Init	16	static
../Core/Src/main.c:679:13:MX_TIM8_Init	96	static
../Core/Src/main.c:747:13:MX_TIM11_Init	40	static
../Core/Src/main.c:790:13:MX_TIM12_Init	24	static
../Core/Src/main.c:825:13:MX_TIM13_Init	40	static
../Core/Src/main.c:869:13:MX_TIM14_Init	8	static
../Core/Src/main.c:900:13:MX_UART4_Init	8	static
../Core/Src/main.c:931:13:MX_USART3_UART_Init	8	static
../Core/Src/main.c:960:13:MX_DMA_Init	16	static
../Core/Src/main.c:977:13:MX_GPIO_Init	64	static
../Core/Src/main.c:1122:1:__io_putchar	16	static
../Core/Src/main.c:1128:6:SerialSendChar_PC	16	static
../Core/Src/main.c:1137:6:SerialSendChar_ESP	16	static
../Core/Src/main.c:1153:6:STM32_to_ESP	8	static
../Core/Src/main.c:1210:6:UART3_RX_PC_to_STM32	8	static
../Core/Src/main.c:1498:6:UART4_RX_ESP_to_STM32	8	static
../Core/Src/main.c:1545:6:Error_Handler	4	static,ignoring_inline_asm
