../Core/Src/main.c:150:5:main	3
../Core/Src/main.c:289:6:SystemClock_Config	3
../Core/Src/main.c:335:13:MX_ADC3_Init	5
../Core/Src/main.c:407:13:MX_ETH_Init	2
../Core/Src/main.c:456:13:MX_TIM2_Init	3
../Core/Src/main.c:505:13:MX_TIM3_Init	7
../Core/Src/main.c:575:13:MX_TIM6_Init	3
../Core/Src/main.c:614:13:MX_TIM8_Init	7
../Core/Src/main.c:687:13:MX_TIM11_Init	4
../Core/Src/main.c:733:13:MX_TIM12_Init	3
../Core/Src/main.c:771:13:MX_TIM13_Init	4
../Core/Src/main.c:817:13:MX_TIM14_Init	2
../Core/Src/main.c:852:13:MX_UART4_Init	2
../Core/Src/main.c:885:13:MX_USART3_UART_Init	2
../Core/Src/main.c:918:13:MX_USB_OTG_FS_PCD_Init	2
../Core/Src/main.c:951:13:MX_DMA_Init	1
../Core/Src/main.c:969:13:MX_GPIO_Init	1
../Core/Src/main.c:1064:6:HAL_TIM_PeriodElapsedCallback	2
../Core/Src/main.c:1087:6:Error_Handler	1
