../Core/Src/stm32f4xx_it.c:134:6:HAL_ADC_ConvCpltCallback	16	static
../Core/Src/stm32f4xx_it.c:196:6:NMI_Handler	4	static
../Core/Src/stm32f4xx_it.c:210:6:HardFault_Handler	4	static
../Core/Src/stm32f4xx_it.c:225:6:MemManage_Handler	4	static
../Core/Src/stm32f4xx_it.c:240:6:BusFault_Handler	4	static
../Core/Src/stm32f4xx_it.c:255:6:UsageFault_Handler	4	static
../Core/Src/stm32f4xx_it.c:270:6:SVC_Handler	4	static
../Core/Src/stm32f4xx_it.c:283:6:DebugMon_Handler	4	static
../Core/Src/stm32f4xx_it.c:296:6:PendSV_Handler	4	static
../Core/Src/stm32f4xx_it.c:309:6:SysTick_Handler	8	static
../Core/Src/stm32f4xx_it.c:330:6:ADC_IRQHandler	8	static
../Core/Src/stm32f4xx_it.c:344:6:TIM1_TRG_COM_TIM11_IRQHandler	8	static
../Core/Src/stm32f4xx_it.c:364:6:TIM3_IRQHandler	8	static
../Core/Src/stm32f4xx_it.c:378:6:USART3_IRQHandler	8	static
../Core/Src/stm32f4xx_it.c:392:6:TIM8_BRK_TIM12_IRQHandler	8	static
../Core/Src/stm32f4xx_it.c:409:6:TIM8_UP_TIM13_IRQHandler	8	static
../Core/Src/stm32f4xx_it.c:436:6:TIM8_TRG_COM_TIM14_IRQHandler	8	static
../Core/Src/stm32f4xx_it.c:479:6:UART4_IRQHandler	8	static
../Core/Src/stm32f4xx_it.c:493:6:TIM6_DAC_IRQHandler	8	static
../Core/Src/stm32f4xx_it.c:514:6:DMA2_Stream1_IRQHandler	8	static
