../Core/Src/main.c:136:5:main	2
../Core/Src/main.c:242:6:SystemClock_Config	3
../Core/Src/main.c:288:13:MX_ADC3_Init	5
../Core/Src/main.c:359:13:MX_TIM2_Init	3
../Core/Src/main.c:408:13:MX_TIM3_Init	8
../Core/Src/main.c:476:13:MX_TIM4_Init	3
../Core/Src/main.c:525:13:MX_TIM5_Init	4
../Core/Src/main.c:570:13:MX_TIM6_Init	3
../Core/Src/main.c:609:13:MX_TIM7_Init	3
../Core/Src/main.c:647:13:MX_TIM8_Init	7
../Core/Src/main.c:720:13:MX_TIM11_Init	4
../Core/Src/main.c:766:13:MX_TIM12_Init	3
../Core/Src/main.c:804:13:MX_TIM13_Init	4
../Core/Src/main.c:850:13:MX_TIM14_Init	2
../Core/Src/main.c:885:13:MX_UART4_Init	2
../Core/Src/main.c:918:13:MX_USART3_UART_Init	2
../Core/Src/main.c:949:13:MX_DMA_Init	1
../Core/Src/main.c:967:13:MX_GPIO_Init	1
../Core/Src/main.c:1113:1:__io_putchar	1
../Core/Src/main.c:1119:6:SerialSendChar_PC	2
../Core/Src/main.c:1128:6:SerialSendChar_ESP	2
../Core/Src/main.c:1145:6:STM32_to_ESP	3
../Core/Src/main.c:1207:6:UART3_RX_PC_to_STM32	52
../Core/Src/main.c:1490:6:UART4_RX_ESP_to_STM32	11
../Core/Src/main.c:1556:6:Error_Handler	1
