../Core/Src/main.c:136:5:main	2
../Core/Src/main.c:244:6:SystemClock_Config	3
../Core/Src/main.c:290:13:MX_ADC3_Init	5
../Core/Src/main.c:361:13:MX_TIM2_Init	3
../Core/Src/main.c:410:13:MX_TIM3_Init	8
../Core/Src/main.c:478:13:MX_TIM4_Init	3
../Core/Src/main.c:527:13:MX_TIM5_Init	4
../Core/Src/main.c:572:13:MX_TIM6_Init	3
../Core/Src/main.c:611:13:MX_TIM7_Init	3
../Core/Src/main.c:649:13:MX_TIM8_Init	7
../Core/Src/main.c:722:13:MX_TIM11_Init	4
../Core/Src/main.c:768:13:MX_TIM12_Init	3
../Core/Src/main.c:806:13:MX_TIM13_Init	4
../Core/Src/main.c:852:13:MX_TIM14_Init	2
../Core/Src/main.c:887:13:MX_UART4_Init	2
../Core/Src/main.c:920:13:MX_USART3_UART_Init	2
../Core/Src/main.c:951:13:MX_DMA_Init	1
../Core/Src/main.c:969:13:MX_GPIO_Init	1
../Core/Src/main.c:1115:1:__io_putchar	1
../Core/Src/main.c:1121:6:SerialSendChar_PC	2
../Core/Src/main.c:1130:6:SerialSendChar_ESP	2
../Core/Src/main.c:1147:6:STM32_to_ESP	3
../Core/Src/main.c:1209:6:UART3_RX_PC_to_STM32	52
../Core/Src/main.c:1492:6:UART4_RX_ESP_to_STM32	8
../Core/Src/main.c:1542:6:Error_Handler	1
