../Core/Src/main.c:136:5:main	72	static
../Core/Src/main.c:244:6:SystemClock_Config	88	static
../Core/Src/main.c:290:13:MX_ADC3_Init	24	static
../Core/Src/main.c:361:13:MX_TIM2_Init	56	static
../Core/Src/main.c:410:13:MX_TIM3_Init	64	static
../Core/Src/main.c:478:13:MX_TIM4_Init	56	static
../Core/Src/main.c:527:13:MX_TIM5_Init	32	static
../Core/Src/main.c:572:13:MX_TIM6_Init	16	static
../Core/Src/main.c:611:13:MX_TIM7_Init	16	static
../Core/Src/main.c:649:13:MX_TIM8_Init	96	static
../Core/Src/main.c:722:13:MX_TIM11_Init	40	static
../Core/Src/main.c:768:13:MX_TIM12_Init	24	static
../Core/Src/main.c:806:13:MX_TIM13_Init	40	static
../Core/Src/main.c:852:13:MX_TIM14_Init	8	static
../Core/Src/main.c:887:13:MX_UART4_Init	8	static
../Core/Src/main.c:920:13:MX_USART3_UART_Init	8	static
../Core/Src/main.c:951:13:MX_DMA_Init	16	static
../Core/Src/main.c:969:13:MX_GPIO_Init	64	static
../Core/Src/main.c:1115:1:__io_putchar	16	static
../Core/Src/main.c:1121:6:SerialSendChar_PC	16	static
../Core/Src/main.c:1130:6:SerialSendChar_ESP	16	static
../Core/Src/main.c:1147:6:STM32_to_ESP	8	static
../Core/Src/main.c:1209:6:UART3_RX_PC_to_STM32	8	static
../Core/Src/main.c:1492:6:UART4_RX_ESP_to_STM32	8	static
../Core/Src/main.c:1542:6:Error_Handler	4	static,ignoring_inline_asm
