../Core/Src/main.c:179:6:FALSE_Init	4	static
../Core/Src/main.c:218:6:Box_pickup	16	static
../Core/Src/main.c:278:6:Box_dropoff	16	static
../Core/Src/main.c:339:6:Manual_Mode_Y1	24	static
../Core/Src/main.c:397:6:Manual_Mode_X1	24	static
../Core/Src/main.c:445:6:Manual_Mode_X2	24	static
../Core/Src/main.c:497:6:Manual_Mode_X1Y1	24	static
../Core/Src/main.c:575:6:Manual_Mode_X2Y1	24	static
../Core/Src/main.c:682:6:fillQueue	24	static
../Core/Src/main.c:825:6:analyzer	16	static
../Core/Src/main.c:852:6:paser	32	static
../Core/Src/main.c:892:5:countCmd	32	static
../Core/Src/main.c:980:5:main	72	static
../Core/Src/main.c:1691:6:SystemClock_Config	88	static
../Core/Src/main.c:1736:13:MX_NVIC_Init	8	static
../Core/Src/main.c:1748:13:MX_ADC3_Init	24	static
../Core/Src/main.c:1819:13:MX_I2C2_Init	8	static
../Core/Src/main.c:1867:13:MX_TIM2_Init	56	static
../Core/Src/main.c:1916:13:MX_TIM3_Init	64	static
../Core/Src/main.c:1984:13:MX_TIM4_Init	56	static
../Core/Src/main.c:2033:13:MX_TIM5_Init	32	static
../Core/Src/main.c:2078:13:MX_TIM6_Init	16	static
../Core/Src/main.c:2117:13:MX_TIM7_Init	16	static
../Core/Src/main.c:2155:13:MX_TIM8_Init	96	static
../Core/Src/main.c:2228:13:MX_TIM9_Init	24	static
../Core/Src/main.c:2266:13:MX_TIM10_Init	8	static
../Core/Src/main.c:2297:13:MX_TIM11_Init	40	static
../Core/Src/main.c:2343:13:MX_TIM12_Init	24	static
../Core/Src/main.c:2381:13:MX_TIM13_Init	40	static
../Core/Src/main.c:2428:13:MX_TIM14_Init	8	static
../Core/Src/main.c:2461:13:MX_UART4_Init	8	static
../Core/Src/main.c:2494:13:MX_USART3_UART_Init	8	static
../Core/Src/main.c:2525:13:MX_DMA_Init	16	static
../Core/Src/main.c:2543:13:MX_GPIO_Init	64	static
../Core/Src/main.c:2694:1:__io_putchar	16	static
../Core/Src/main.c:2700:6:SerialSendChar_PC	16	static
../Core/Src/main.c:2709:6:SerialSendChar_ESP	16	static
../Core/Src/main.c:2724:6:STM32_to_ESP	8	static
../Core/Src/main.c:2782:6:UART3_RX_PC_to_STM32	8	static
../Core/Src/main.c:3164:6:UART4_RX_ESP_to_STM32	8	static
../Core/Src/main.c:3291:6:Error_Handler	4	static,ignoring_inline_asm
