../Core/Src/main.c:125:5:main	8	static
../Core/Src/main.c:252:6:SystemClock_Config	88	static
../Core/Src/main.c:298:13:MX_ADC3_Init	24	static
../Core/Src/main.c:369:13:MX_TIM2_Init	56	static
../Core/Src/main.c:418:13:MX_TIM3_Init	64	static
../Core/Src/main.c:481:13:MX_TIM4_Init	56	static
../Core/Src/main.c:530:13:MX_TIM6_Init	16	static
../Core/Src/main.c:569:13:MX_TIM8_Init	96	static
../Core/Src/main.c:642:13:MX_TIM9_Init	32	static
../Core/Src/main.c:683:13:MX_TIM11_Init	40	static
../Core/Src/main.c:729:13:MX_TIM12_Init	24	static
../Core/Src/main.c:767:13:MX_TIM13_Init	40	static
../Core/Src/main.c:813:13:MX_TIM14_Init	8	static
../Core/Src/main.c:848:13:MX_UART4_Init	8	static
../Core/Src/main.c:881:13:MX_USART3_UART_Init	8	static
../Core/Src/main.c:912:13:MX_DMA_Init	16	static
../Core/Src/main.c:930:13:MX_GPIO_Init	64	static
../Core/Src/main.c:1087:1:__io_putchar	16	static
../Core/Src/main.c:1093:6:SerialSendChar_PC	16	static
../Core/Src/main.c:1102:6:SerialSendChar_ESP	16	static
../Core/Src/main.c:1113:6:STM32_to_ESP	272	static
../Core/Src/main.c:1167:6:UART3_RX_PC_to_STM32	8	static
../Core/Src/main.c:1426:6:UART4_RX_ESP_to_STM32	8	static
../Core/Src/main.c:1492:6:Error_Handler	4	static,ignoring_inline_asm
