../Core/Src/main.c:123:5:main	8	static
../Core/Src/main.c:225:6:SystemClock_Config	88	static
../Core/Src/main.c:271:13:MX_ADC3_Init	24	static
../Core/Src/main.c:342:13:MX_TIM2_Init	56	static
../Core/Src/main.c:391:13:MX_TIM3_Init	64	static
../Core/Src/main.c:459:13:MX_TIM4_Init	56	static
../Core/Src/main.c:508:13:MX_TIM6_Init	16	static
../Core/Src/main.c:547:13:MX_TIM8_Init	96	static
../Core/Src/main.c:620:13:MX_TIM9_Init	32	static
../Core/Src/main.c:661:13:MX_TIM11_Init	40	static
../Core/Src/main.c:707:13:MX_TIM12_Init	24	static
../Core/Src/main.c:745:13:MX_TIM13_Init	40	static
../Core/Src/main.c:791:13:MX_TIM14_Init	8	static
../Core/Src/main.c:826:13:MX_UART4_Init	8	static
../Core/Src/main.c:859:13:MX_USART3_UART_Init	8	static
../Core/Src/main.c:890:13:MX_DMA_Init	16	static
../Core/Src/main.c:908:13:MX_GPIO_Init	64	static
../Core/Src/main.c:1060:1:__io_putchar	16	static
../Core/Src/main.c:1066:6:SerialSendChar_PC	16	static
../Core/Src/main.c:1075:6:SerialSendChar_ESP	16	static
../Core/Src/main.c:1086:6:STM32_to_ESP	272	static
../Core/Src/main.c:1139:6:UART3_RX_PC_to_STM32	8	static
../Core/Src/main.c:1401:6:UART4_RX_ESP_to_STM32	8	static
../Core/Src/main.c:1467:6:Error_Handler	4	static,ignoring_inline_asm
