../Core/Src/main.c:154:6:FALSE_Init	1
../Core/Src/main.c:176:5:main	20
../Core/Src/main.c:417:6:SystemClock_Config	3
../Core/Src/main.c:463:13:MX_ADC3_Init	5
../Core/Src/main.c:534:13:MX_I2C2_Init	4
../Core/Src/main.c:582:13:MX_TIM2_Init	3
../Core/Src/main.c:631:13:MX_TIM3_Init	8
../Core/Src/main.c:699:13:MX_TIM4_Init	3
../Core/Src/main.c:748:13:MX_TIM5_Init	4
../Core/Src/main.c:793:13:MX_TIM6_Init	3
../Core/Src/main.c:832:13:MX_TIM7_Init	3
../Core/Src/main.c:870:13:MX_TIM8_Init	7
../Core/Src/main.c:943:13:MX_TIM11_Init	4
../Core/Src/main.c:989:13:MX_TIM12_Init	3
../Core/Src/main.c:1027:13:MX_TIM13_Init	4
../Core/Src/main.c:1074:13:MX_TIM14_Init	2
../Core/Src/main.c:1107:13:MX_UART4_Init	2
../Core/Src/main.c:1140:13:MX_USART3_UART_Init	2
../Core/Src/main.c:1171:13:MX_DMA_Init	1
../Core/Src/main.c:1189:13:MX_GPIO_Init	1
../Core/Src/main.c:1308:1:__io_putchar	1
../Core/Src/main.c:1314:6:SerialSendChar_PC	2
../Core/Src/main.c:1323:6:SerialSendChar_ESP	2
../Core/Src/main.c:1339:6:STM32_to_ESP	3
../Core/Src/main.c:1395:6:UART3_RX_PC_to_STM32	51
../Core/Src/main.c:1718:6:UART4_RX_ESP_to_STM32	8
../Core/Src/main.c:1765:6:Error_Handler	1
