../Core/Src/main.c:154:6:FALSE_Init	4	static
../Core/Src/main.c:176:5:main	72	static
../Core/Src/main.c:417:6:SystemClock_Config	88	static
../Core/Src/main.c:463:13:MX_ADC3_Init	24	static
../Core/Src/main.c:534:13:MX_I2C2_Init	8	static
../Core/Src/main.c:582:13:MX_TIM2_Init	56	static
../Core/Src/main.c:631:13:MX_TIM3_Init	64	static
../Core/Src/main.c:699:13:MX_TIM4_Init	56	static
../Core/Src/main.c:748:13:MX_TIM5_Init	32	static
../Core/Src/main.c:793:13:MX_TIM6_Init	16	static
../Core/Src/main.c:832:13:MX_TIM7_Init	16	static
../Core/Src/main.c:870:13:MX_TIM8_Init	96	static
../Core/Src/main.c:943:13:MX_TIM11_Init	40	static
../Core/Src/main.c:989:13:MX_TIM12_Init	24	static
../Core/Src/main.c:1027:13:MX_TIM13_Init	40	static
../Core/Src/main.c:1074:13:MX_TIM14_Init	8	static
../Core/Src/main.c:1107:13:MX_UART4_Init	8	static
../Core/Src/main.c:1140:13:MX_USART3_UART_Init	8	static
../Core/Src/main.c:1171:13:MX_DMA_Init	16	static
../Core/Src/main.c:1189:13:MX_GPIO_Init	64	static
../Core/Src/main.c:1308:1:__io_putchar	16	static
../Core/Src/main.c:1314:6:SerialSendChar_PC	16	static
../Core/Src/main.c:1323:6:SerialSendChar_ESP	16	static
../Core/Src/main.c:1339:6:STM32_to_ESP	8	static
../Core/Src/main.c:1395:6:UART3_RX_PC_to_STM32	8	static
../Core/Src/main.c:1718:6:UART4_RX_ESP_to_STM32	8	static
../Core/Src/main.c:1765:6:Error_Handler	4	static,ignoring_inline_asm
