../Core/Src/pid.c:150:6:v_t_graph	56	static
../Core/Src/pid.c:231:6:v_t_graph_DIR_GO_X	16	static
../Core/Src/pid.c:242:6:v_t_graph_DIR_BACK_X	16	static
../Core/Src/pid.c:254:6:v_t_graph_DIR_GO_Y	16	static
../Core/Src/pid.c:267:6:v_t_graph_DIR_BACK_Y	16	static
../Core/Src/pid.c:289:6:dc_motor_pid_X	16	static
../Core/Src/pid.c:303:6:dc_motor_pid_Y	16	static
../Core/Src/pid.c:317:6:dc_motor_pid_X_with_photosensor1	16	static
../Core/Src/pid.c:332:6:dc_motor_pid_Y_with_photosensor2	16	static
../Core/Src/pid.c:360:6:dc_motor_RPM	8	static
../Core/Src/pid.c:464:6:VT_control_X	40	static
../Core/Src/pid.c:541:6:VT_control_Y	40	static
../Core/Src/pid.c:630:6:position_pid_x	24	static
../Core/Src/pid.c:1183:6:position_pid_y	24	static
