../Core/Src/main.c:71:5:main	8	static
../Core/Src/main.c:123:6:SystemClock_Config	88	static
../Core/Src/main.c:165:13:MX_TIM2_Init	48	static
../Core/Src/main.c:213:13:MX_TIM3_Init	64	static
../Core/Src/main.c:276:13:MX_GPIO_Init	40	static
../Core/Src/main.c:301:6:LED_OnOff	16	static
../Core/Src/main.c:310:6:HAL_TIM_PeriodElapsedCallback	16	static
../Core/Src/main.c:318:6:HAL_TIM_OC_DelayElapsedCallback	16	static
../Core/Src/main.c:335:6:HAL_GPIO_EXTI_Callback	16	static
../Core/Src/main.c:347:6:Error_Handler	4	static,ignoring_inline_asm
