../Core/Src/main.c:143:5:main	5
../Core/Src/main.c:323:6:SystemClock_Config	3
../Core/Src/main.c:369:13:MX_ADC3_Init	5
../Core/Src/main.c:441:13:MX_TIM2_Init	3
../Core/Src/main.c:490:13:MX_TIM3_Init	7
../Core/Src/main.c:553:13:MX_TIM4_Init	3
../Core/Src/main.c:602:13:MX_TIM6_Init	3
../Core/Src/main.c:641:13:MX_TIM8_Init	7
../Core/Src/main.c:714:13:MX_TIM11_Init	4
../Core/Src/main.c:760:13:MX_TIM12_Init	3
../Core/Src/main.c:798:13:MX_TIM13_Init	4
../Core/Src/main.c:844:13:MX_TIM14_Init	2
../Core/Src/main.c:879:13:MX_UART4_Init	2
../Core/Src/main.c:912:13:MX_USART3_UART_Init	2
../Core/Src/main.c:943:13:MX_DMA_Init	1
../Core/Src/main.c:961:13:MX_GPIO_Init	1
../Core/Src/main.c:1067:6:HAL_TIM_PeriodElapsedCallback	2
../Core/Src/main.c:1090:6:Error_Handler	1
