../Core/Src/main.c:145:5:main	8	static
../Core/Src/main.c:337:6:SystemClock_Config	88	static
../Core/Src/main.c:383:13:MX_ADC3_Init	24	static
../Core/Src/main.c:455:13:MX_TIM1_Init	96	static
../Core/Src/main.c:545:13:MX_TIM2_Init	56	static
../Core/Src/main.c:594:13:MX_TIM3_Init	64	static
../Core/Src/main.c:659:13:MX_TIM4_Init	56	static
../Core/Src/main.c:708:13:MX_TIM6_Init	16	static
../Core/Src/main.c:747:13:MX_TIM8_Init	96	static
../Core/Src/main.c:820:13:MX_TIM11_Init	40	static
../Core/Src/main.c:866:13:MX_TIM12_Init	24	static
../Core/Src/main.c:904:13:MX_TIM13_Init	40	static
../Core/Src/main.c:950:13:MX_TIM14_Init	8	static
../Core/Src/main.c:985:13:MX_UART4_Init	8	static
../Core/Src/main.c:1018:13:MX_USART3_UART_Init	8	static
../Core/Src/main.c:1049:13:MX_DMA_Init	16	static
../Core/Src/main.c:1067:13:MX_GPIO_Init	64	static
../Core/Src/main.c:1176:6:HAL_TIM_PeriodElapsedCallback	16	static
../Core/Src/main.c:1199:6:Error_Handler	4	static,ignoring_inline_asm
