../Core/Src/main.c:149:6:FALSE_Init	4	static
../Core/Src/main.c:206:6:Manual_Mode_Y	16	static
../Core/Src/main.c:245:6:Manual_Mode_X	16	static
../Core/Src/main.c:275:5:main	72	static
../Core/Src/main.c:509:6:SystemClock_Config	88	static
../Core/Src/main.c:555:13:MX_ADC3_Init	24	static
../Core/Src/main.c:626:13:MX_I2C2_Init	8	static
../Core/Src/main.c:674:13:MX_TIM2_Init	56	static
../Core/Src/main.c:723:13:MX_TIM3_Init	64	static
../Core/Src/main.c:791:13:MX_TIM4_Init	56	static
../Core/Src/main.c:840:13:MX_TIM5_Init	32	static
../Core/Src/main.c:885:13:MX_TIM6_Init	16	static
../Core/Src/main.c:924:13:MX_TIM7_Init	16	static
../Core/Src/main.c:962:13:MX_TIM8_Init	96	static
../Core/Src/main.c:1035:13:MX_TIM11_Init	40	static
../Core/Src/main.c:1081:13:MX_TIM12_Init	24	static
../Core/Src/main.c:1119:13:MX_TIM13_Init	40	static
../Core/Src/main.c:1166:13:MX_TIM14_Init	8	static
../Core/Src/main.c:1199:13:MX_UART4_Init	8	static
../Core/Src/main.c:1232:13:MX_USART3_UART_Init	8	static
../Core/Src/main.c:1263:13:MX_DMA_Init	16	static
../Core/Src/main.c:1281:13:MX_GPIO_Init	64	static
../Core/Src/main.c:1426:1:__io_putchar	16	static
../Core/Src/main.c:1432:6:SerialSendChar_PC	16	static
../Core/Src/main.c:1441:6:SerialSendChar_ESP	16	static
../Core/Src/main.c:1457:6:STM32_to_ESP	8	static
../Core/Src/main.c:1512:6:UART3_RX_PC_to_STM32	8	static
../Core/Src/main.c:1819:6:UART4_RX_ESP_to_STM32	8	static
../Core/Src/main.c:1866:6:Error_Handler	4	static,ignoring_inline_asm
