../Core/Src/stm32f4xx_it.c:159:6:HAL_UART_RxCpltCallback	16	static
../Core/Src/stm32f4xx_it.c:172:6:HAL_ADC_ConvCpltCallback	16	static
../Core/Src/stm32f4xx_it.c:234:6:NMI_Handler	4	static
../Core/Src/stm32f4xx_it.c:248:6:HardFault_Handler	4	static
../Core/Src/stm32f4xx_it.c:263:6:MemManage_Handler	4	static
../Core/Src/stm32f4xx_it.c:278:6:BusFault_Handler	4	static
../Core/Src/stm32f4xx_it.c:293:6:UsageFault_Handler	4	static
../Core/Src/stm32f4xx_it.c:308:6:SVC_Handler	4	static
../Core/Src/stm32f4xx_it.c:321:6:DebugMon_Handler	4	static
../Core/Src/stm32f4xx_it.c:334:6:PendSV_Handler	4	static
../Core/Src/stm32f4xx_it.c:347:6:SysTick_Handler	8	static
../Core/Src/stm32f4xx_it.c:368:6:EXTI0_IRQHandler	8	static
../Core/Src/stm32f4xx_it.c:382:6:EXTI1_IRQHandler	8	static
../Core/Src/stm32f4xx_it.c:396:6:EXTI2_IRQHandler	8	static
../Core/Src/stm32f4xx_it.c:410:6:ADC_IRQHandler	8	static
../Core/Src/stm32f4xx_it.c:424:6:TIM1_TRG_COM_TIM11_IRQHandler	8	static
../Core/Src/stm32f4xx_it.c:441:6:USART3_IRQHandler	8	static
../Core/Src/stm32f4xx_it.c:455:6:EXTI15_10_IRQHandler	8	static
../Core/Src/stm32f4xx_it.c:469:6:TIM8_UP_TIM13_IRQHandler	8	static
../Core/Src/stm32f4xx_it.c:495:6:TIM8_TRG_COM_TIM14_IRQHandler	8	static
../Core/Src/stm32f4xx_it.c:510:6:TIM5_IRQHandler	8	static
../Core/Src/stm32f4xx_it.c:547:6:UART4_IRQHandler	8	static
../Core/Src/stm32f4xx_it.c:561:6:TIM6_DAC_IRQHandler	8	static
../Core/Src/stm32f4xx_it.c:605:6:TIM7_IRQHandler	8	static
../Core/Src/stm32f4xx_it.c:619:6:DMA2_Stream1_IRQHandler	8	static
../Core/Src/stm32f4xx_it.c:632:6:HAL_TIM_OC_DelayElapsedCallback	16	static
../Core/Src/stm32f4xx_it.c:666:6:HAL_TIM_PeriodElapsedCallback	16	static
../Core/Src/stm32f4xx_it.c:730:6:HAL_GPIO_EXTI_Callback	16	static
