../Core/Src/main.c:140:5:main	6
../Core/Src/main.c:334:6:SystemClock_Config	3
../Core/Src/main.c:380:13:MX_ADC3_Init	5
../Core/Src/main.c:452:13:MX_TIM2_Init	3
../Core/Src/main.c:501:13:MX_TIM3_Init	7
../Core/Src/main.c:564:13:MX_TIM4_Init	3
../Core/Src/main.c:613:13:MX_TIM6_Init	3
../Core/Src/main.c:652:13:MX_TIM8_Init	7
../Core/Src/main.c:725:13:MX_TIM11_Init	4
../Core/Src/main.c:771:13:MX_TIM12_Init	3
../Core/Src/main.c:809:13:MX_TIM13_Init	4
../Core/Src/main.c:855:13:MX_TIM14_Init	2
../Core/Src/main.c:890:13:MX_UART4_Init	2
../Core/Src/main.c:923:13:MX_USART3_UART_Init	2
../Core/Src/main.c:954:13:MX_DMA_Init	1
../Core/Src/main.c:972:13:MX_GPIO_Init	1
../Core/Src/main.c:1084:6:HAL_TIM_PeriodElapsedCallback	2
../Core/Src/main.c:1107:6:Error_Handler	1
