../Core/Src/stm32f4xx_it.c:139:6:HAL_ADC_ConvCpltCallback	16	static
../Core/Src/stm32f4xx_it.c:201:6:NMI_Handler	4	static
../Core/Src/stm32f4xx_it.c:215:6:HardFault_Handler	4	static
../Core/Src/stm32f4xx_it.c:230:6:MemManage_Handler	4	static
../Core/Src/stm32f4xx_it.c:245:6:BusFault_Handler	4	static
../Core/Src/stm32f4xx_it.c:260:6:UsageFault_Handler	4	static
../Core/Src/stm32f4xx_it.c:275:6:SVC_Handler	4	static
../Core/Src/stm32f4xx_it.c:288:6:DebugMon_Handler	4	static
../Core/Src/stm32f4xx_it.c:301:6:PendSV_Handler	4	static
../Core/Src/stm32f4xx_it.c:314:6:SysTick_Handler	8	static
../Core/Src/stm32f4xx_it.c:335:6:ADC_IRQHandler	8	static
../Core/Src/stm32f4xx_it.c:349:6:TIM1_TRG_COM_TIM11_IRQHandler	8	static
../Core/Src/stm32f4xx_it.c:369:6:USART3_IRQHandler	8	static
../Core/Src/stm32f4xx_it.c:383:6:TIM8_BRK_TIM12_IRQHandler	8	static
../Core/Src/stm32f4xx_it.c:400:6:TIM8_UP_TIM13_IRQHandler	8	static
../Core/Src/stm32f4xx_it.c:427:6:TIM8_TRG_COM_TIM14_IRQHandler	8	static
../Core/Src/stm32f4xx_it.c:497:6:UART4_IRQHandler	8	static
../Core/Src/stm32f4xx_it.c:511:6:TIM6_DAC_IRQHandler	8	static
../Core/Src/stm32f4xx_it.c:535:6:DMA2_Stream1_IRQHandler	8	static
