../Drivers/CMSIS/Include/core_cm4.h:2064:26:ITM_SendChar	16	static,ignoring_inline_asm
../Core/Src/main.c:135:6:SerialSendChar_PC	16	static
../Core/Src/main.c:143:6:SerialSendChar_WIFI	16	static
../Core/Src/main.c:152:6:HAL_UART_RxCpltCallback	16	static
../Core/Src/main.c:336:5:_write	32	static
../Core/Src/main.c:423:1:__io_putchar	16	static
../Core/Src/main.c:440:6:delay_us	16	static
../Core/Src/main.c:453:5:main	16	static
../Core/Src/main.c:699:6:SystemClock_Config	88	static
../Core/Src/main.c:745:13:MX_ADC1_Init	24	static
../Core/Src/main.c:813:13:MX_ETH_Init	8	static
../Core/Src/main.c:862:13:MX_TIM1_Init	32	static
../Core/Src/main.c:908:13:MX_TIM2_Init	56	static
../Core/Src/main.c:957:13:MX_TIM3_Init	64	static
../Core/Src/main.c:1029:13:MX_TIM4_Init	56	static
../Core/Src/main.c:1078:13:MX_TIM6_Init	16	static
../Core/Src/main.c:1116:13:MX_TIM7_Init	16	static
../Core/Src/main.c:1154:13:MX_TIM8_Init	96	static
../Core/Src/main.c:1227:13:MX_TIM13_Init	40	static
../Core/Src/main.c:1273:13:MX_TIM14_Init	8	static
../Core/Src/main.c:1308:13:MX_UART4_Init	8	static
../Core/Src/main.c:1341:13:MX_USART3_UART_Init	8	static
../Core/Src/main.c:1374:13:MX_USB_OTG_FS_PCD_Init	8	static
../Core/Src/main.c:1407:13:MX_DMA_Init	16	static
../Core/Src/main.c:1429:13:MX_GPIO_Init	64	static
../Core/Src/main.c:1530:6:Error_Handler	4	static,ignoring_inline_asm
