../Core/Src/main.cpp:218:5:int main()	8	static
../Core/Src/main.cpp:381:6:void SystemClock_Config()	88	static
../Core/Src/main.cpp:427:13:void MX_ADC3_Init()	24	static
../Core/Src/main.cpp:497:13:void MX_ETH_Init()	8	static
../Core/Src/main.cpp:546:13:void MX_TIM1_Init()	32	static
../Core/Src/main.cpp:592:13:void MX_TIM2_Init()	56	static
../Core/Src/main.cpp:641:13:void MX_TIM3_Init()	64	static
../Core/Src/main.cpp:713:13:void MX_TIM4_Init()	56	static
../Core/Src/main.cpp:762:13:void MX_TIM6_Init()	16	static
../Core/Src/main.cpp:800:13:void MX_TIM8_Init()	96	static
../Core/Src/main.cpp:873:13:void MX_TIM13_Init()	40	static
../Core/Src/main.cpp:919:13:void MX_TIM14_Init()	8	static
../Core/Src/main.cpp:954:13:void MX_UART4_Init()	8	static
../Core/Src/main.cpp:987:13:void MX_USART3_UART_Init()	8	static
../Core/Src/main.cpp:1020:13:void MX_USB_OTG_FS_PCD_Init()	8	static
../Core/Src/main.cpp:1053:13:void MX_DMA_Init()	16	static
../Core/Src/main.cpp:1075:13:void MX_GPIO_Init()	64	static
../Core/Src/main.cpp:1168:6:void Error_Handler()	4	static,ignoring_inline_asm
