../Core/Src/main.cpp:218:5:int main()	8	static
../Core/Src/main.cpp:383:6:void SystemClock_Config()	88	static
../Core/Src/main.cpp:429:13:void MX_ADC3_Init()	24	static
../Core/Src/main.cpp:499:13:void MX_ETH_Init()	8	static
../Core/Src/main.cpp:548:13:void MX_TIM1_Init()	32	static
../Core/Src/main.cpp:594:13:void MX_TIM2_Init()	56	static
../Core/Src/main.cpp:643:13:void MX_TIM3_Init()	64	static
../Core/Src/main.cpp:715:13:void MX_TIM4_Init()	56	static
../Core/Src/main.cpp:764:13:void MX_TIM6_Init()	16	static
../Core/Src/main.cpp:802:13:void MX_TIM8_Init()	96	static
../Core/Src/main.cpp:875:13:void MX_TIM13_Init()	40	static
../Core/Src/main.cpp:921:13:void MX_TIM14_Init()	8	static
../Core/Src/main.cpp:956:13:void MX_UART4_Init()	8	static
../Core/Src/main.cpp:989:13:void MX_USART3_UART_Init()	8	static
../Core/Src/main.cpp:1022:13:void MX_USB_OTG_FS_PCD_Init()	8	static
../Core/Src/main.cpp:1055:13:void MX_DMA_Init()	16	static
../Core/Src/main.cpp:1077:13:void MX_GPIO_Init()	64	static
../Core/Src/main.cpp:1170:6:void Error_Handler()	4	static,ignoring_inline_asm
