../Core/Src/stm32f4xx_it.c:175:6:HAL_ADC_ConvCpltCallback	16	static
../Core/Src/stm32f4xx_it.c:199:6:NMI_Handler	4	static
../Core/Src/stm32f4xx_it.c:214:6:HardFault_Handler	4	static
../Core/Src/stm32f4xx_it.c:229:6:MemManage_Handler	4	static
../Core/Src/stm32f4xx_it.c:244:6:BusFault_Handler	4	static
../Core/Src/stm32f4xx_it.c:259:6:UsageFault_Handler	4	static
../Core/Src/stm32f4xx_it.c:274:6:SVC_Handler	4	static
../Core/Src/stm32f4xx_it.c:287:6:DebugMon_Handler	4	static
../Core/Src/stm32f4xx_it.c:300:6:PendSV_Handler	4	static
../Core/Src/stm32f4xx_it.c:313:6:SysTick_Handler	8	static
../Core/Src/stm32f4xx_it.c:334:6:DMA1_Stream6_IRQHandler	8	static
../Core/Src/stm32f4xx_it.c:348:6:ADC_IRQHandler	16	static
../Core/Src/stm32f4xx_it.c:399:6:TIM3_IRQHandler	8	static
../Core/Src/stm32f4xx_it.c:414:6:USART3_IRQHandler	8	static
../Core/Src/stm32f4xx_it.c:428:6:TIM8_UP_TIM13_IRQHandler	8	static
../Core/Src/stm32f4xx_it.c:448:6:TIM8_TRG_COM_TIM14_IRQHandler	8	static
../Core/Src/stm32f4xx_it.c:499:6:UART4_IRQHandler	8	static
../Core/Src/stm32f4xx_it.c:513:6:TIM6_DAC_IRQHandler	8	static
../Core/Src/stm32f4xx_it.c:754:6:DMA2_Stream1_IRQHandler	8	static
