../Core/Src/main.c:168:6:FALSE_Init	1
../Core/Src/main.c:205:6:Box_pickup	11
../Core/Src/main.c:246:6:Box_dropoff	11
../Core/Src/main.c:286:6:Manual_Mode_Y1	13
../Core/Src/main.c:344:6:Manual_Mode_X1	11
../Core/Src/main.c:392:6:Manual_Mode_X2	11
../Core/Src/main.c:444:6:Manual_Mode_X1Y1	19
../Core/Src/main.c:522:6:Manual_Mode_X2Y1	19
../Core/Src/main.c:633:6:fillQueue	2
../Core/Src/main.c:642:6:analyzer	24
../Core/Src/main.c:770:6:paser	9
../Core/Src/main.c:810:5:countCmd	4
../Core/Src/main.c:1001:5:main	20
../Core/Src/main.c:1251:6:SystemClock_Config	3
../Core/Src/main.c:1293:13:MX_NVIC_Init	1
../Core/Src/main.c:1304:13:MX_ADC3_Init	5
../Core/Src/main.c:1370:13:MX_I2C2_Init	4
../Core/Src/main.c:1415:13:MX_TIM2_Init	3
../Core/Src/main.c:1462:13:MX_TIM3_Init	8
../Core/Src/main.c:1526:13:MX_TIM4_Init	3
../Core/Src/main.c:1573:13:MX_TIM5_Init	4
../Core/Src/main.c:1615:13:MX_TIM6_Init	3
../Core/Src/main.c:1652:13:MX_TIM7_Init	3
../Core/Src/main.c:1688:13:MX_TIM8_Init	7
../Core/Src/main.c:1756:13:MX_TIM11_Init	4
../Core/Src/main.c:1799:13:MX_TIM12_Init	3
../Core/Src/main.c:1834:13:MX_TIM13_Init	4
../Core/Src/main.c:1878:13:MX_TIM14_Init	2
../Core/Src/main.c:1909:13:MX_UART4_Init	2
../Core/Src/main.c:1940:13:MX_USART3_UART_Init	2
../Core/Src/main.c:1969:13:MX_DMA_Init	1
../Core/Src/main.c:1986:13:MX_GPIO_Init	1
../Core/Src/main.c:2141:1:__io_putchar	1
../Core/Src/main.c:2147:6:SerialSendChar_PC	2
../Core/Src/main.c:2156:6:SerialSendChar_ESP	2
../Core/Src/main.c:2171:6:STM32_to_ESP	3
../Core/Src/main.c:2229:6:UART3_RX_PC_to_STM32	55
../Core/Src/main.c:2617:6:UART4_RX_ESP_to_STM32	5
../Core/Src/main.c:2715:6:Error_Handler	1
