../Core/Src/stm32f4xx_it.c:154:6:HAL_UART_RxCpltCallback	16	static
../Core/Src/stm32f4xx_it.c:167:6:HAL_ADC_ConvCpltCallback	16	static
../Core/Src/stm32f4xx_it.c:229:6:NMI_Handler	4	static
../Core/Src/stm32f4xx_it.c:243:6:HardFault_Handler	4	static
../Core/Src/stm32f4xx_it.c:258:6:MemManage_Handler	4	static
../Core/Src/stm32f4xx_it.c:273:6:BusFault_Handler	4	static
../Core/Src/stm32f4xx_it.c:288:6:UsageFault_Handler	4	static
../Core/Src/stm32f4xx_it.c:303:6:SVC_Handler	4	static
../Core/Src/stm32f4xx_it.c:316:6:DebugMon_Handler	4	static
../Core/Src/stm32f4xx_it.c:329:6:PendSV_Handler	4	static
../Core/Src/stm32f4xx_it.c:342:6:SysTick_Handler	8	static
../Core/Src/stm32f4xx_it.c:363:6:EXTI1_IRQHandler	8	static
../Core/Src/stm32f4xx_it.c:377:6:EXTI3_IRQHandler	8	static
../Core/Src/stm32f4xx_it.c:391:6:ADC_IRQHandler	8	static
../Core/Src/stm32f4xx_it.c:405:6:TIM1_TRG_COM_TIM11_IRQHandler	8	static
../Core/Src/stm32f4xx_it.c:422:6:USART3_IRQHandler	8	static
../Core/Src/stm32f4xx_it.c:436:6:EXTI15_10_IRQHandler	8	static
../Core/Src/stm32f4xx_it.c:450:6:TIM8_UP_TIM13_IRQHandler	8	static
../Core/Src/stm32f4xx_it.c:476:6:TIM8_TRG_COM_TIM14_IRQHandler	8	static
../Core/Src/stm32f4xx_it.c:491:6:TIM5_IRQHandler	8	static
../Core/Src/stm32f4xx_it.c:533:6:UART4_IRQHandler	8	static
../Core/Src/stm32f4xx_it.c:547:6:TIM6_DAC_IRQHandler	8	static
../Core/Src/stm32f4xx_it.c:586:6:TIM7_IRQHandler	8	static
../Core/Src/stm32f4xx_it.c:600:6:DMA2_Stream1_IRQHandler	8	static
../Core/Src/stm32f4xx_it.c:613:6:HAL_TIM_OC_DelayElapsedCallback	16	static
../Core/Src/stm32f4xx_it.c:659:6:HAL_TIM_PeriodElapsedCallback	16	static
../Core/Src/stm32f4xx_it.c:756:6:HAL_GPIO_EXTI_Callback	16	static
