../Core/Src/stm32f4xx_it.c:126:6:HAL_UART_RxCpltCallback	16	static
../Core/Src/stm32f4xx_it.c:139:6:HAL_ADC_ConvCpltCallback	16	static
../Core/Src/stm32f4xx_it.c:199:6:NMI_Handler	4	static
../Core/Src/stm32f4xx_it.c:213:6:HardFault_Handler	4	static
../Core/Src/stm32f4xx_it.c:228:6:MemManage_Handler	4	static
../Core/Src/stm32f4xx_it.c:243:6:BusFault_Handler	4	static
../Core/Src/stm32f4xx_it.c:258:6:UsageFault_Handler	4	static
../Core/Src/stm32f4xx_it.c:273:6:SVC_Handler	4	static
../Core/Src/stm32f4xx_it.c:286:6:DebugMon_Handler	4	static
../Core/Src/stm32f4xx_it.c:299:6:PendSV_Handler	4	static
../Core/Src/stm32f4xx_it.c:312:6:SysTick_Handler	8	static
../Core/Src/stm32f4xx_it.c:333:6:ADC_IRQHandler	8	static
../Core/Src/stm32f4xx_it.c:347:6:TIM1_TRG_COM_TIM11_IRQHandler	8	static
../Core/Src/stm32f4xx_it.c:364:6:TIM4_IRQHandler	8	static
../Core/Src/stm32f4xx_it.c:378:6:USART3_IRQHandler	8	static
../Core/Src/stm32f4xx_it.c:392:6:TIM8_BRK_TIM12_IRQHandler	8	static
../Core/Src/stm32f4xx_it.c:409:6:TIM8_UP_TIM13_IRQHandler	8	static
../Core/Src/stm32f4xx_it.c:435:6:TIM8_TRG_COM_TIM14_IRQHandler	8	static
../Core/Src/stm32f4xx_it.c:450:6:UART4_IRQHandler	8	static
../Core/Src/stm32f4xx_it.c:464:6:TIM6_DAC_IRQHandler	8	static
../Core/Src/stm32f4xx_it.c:503:6:DMA2_Stream1_IRQHandler	8	static
../Core/Src/stm32f4xx_it.c:516:6:HAL_TIM_OC_DelayElapsedCallback	16	static
../Core/Src/stm32f4xx_it.c:537:6:HAL_TIM_PeriodElapsedCallback	16	static
